// Jest Snapshot v1, https://goo.gl/fbAQLP

exports[`Renders the welcome page 1`] = `
<div
  className="MuiGrid-container-5"
>
  <div
    className="MuiGrid-container-5 MuiGrid-item-6 MuiGrid-justify-xs-center-22 MuiGrid-grid-xs-12-45 MuiGrid-grid-sm-6-53 MuiGrid-grid-md-3-64"
  >
    <table
      className="HorairesPassage-table-1"
    >
      <thead>
        <tr>
          <th
            className="HorairesPassage-header-3"
            colSpan="2"
          >
            Mardi
          </th>
        </tr>
      </thead>
      <tbody
        className="HorairesPassage-tableBody-2"
      >
        <tr>
          <td />
          <td />
        </tr>
        <tr>
          <td>
            Plavilla
          </td>
          <td>
            9h
          </td>
        </tr>
        <tr>
          <td>
            Saint Julien de Briola
          </td>
          <td>
            10h
          </td>
        </tr>
        <tr>
          <td>
            Orsans
          </td>
          <td>
            11h
          </td>
        </tr>
        <tr>
          <td>
            Cazalneroux
          </td>
          <td>
            12h
          </td>
        </tr>
        <tr>
          <td>
            Generville
          </td>
          <td>
            13h
          </td>
        </tr>
        <tr>
          <td>
            Fonters du Razès
          </td>
          <td>
            14h
          </td>
        </tr>
        <tr>
          <td>
            Saint Amans
          </td>
          <td>
             - 
          </td>
        </tr>
        <tr>
          <td>
            Mayreville
          </td>
          <td>
             - 
          </td>
        </tr>
        <tr>
          <td>
            Peyrefitte sur l'Hers
          </td>
          <td>
             - 
          </td>
        </tr>
        <tr>
          <td>
            Mireval Lauragais
          </td>
          <td>
            15h30
          </td>
        </tr>
        <tr>
          <td>
            Laurabuc
          </td>
          <td>
            16h
          </td>
        </tr>
        <tr>
          <td>
            Laurac
          </td>
          <td>
            17h
          </td>
        </tr>
        <tr>
          <td>
            La Cassaigne
          </td>
          <td>
            18h
          </td>
        </tr>
      </tbody>
    </table>
  </div>
  <div
    className="MuiGrid-container-5 MuiGrid-item-6 MuiGrid-justify-xs-center-22 MuiGrid-grid-xs-12-45 MuiGrid-grid-sm-6-53 MuiGrid-grid-md-3-64"
  >
    <table
      className="HorairesPassage-table-1"
    >
      <thead>
        <tr>
          <th
            className="HorairesPassage-header-3"
            colSpan="2"
          >
            Mercredi
          </th>
        </tr>
      </thead>
      <tbody
        className="HorairesPassage-tableBody-2"
      >
        <tr>
          <td />
          <td />
        </tr>
        <tr>
          <td>
            Manses
          </td>
          <td>
            9h
          </td>
        </tr>
        <tr>
          <td>
            Teilhet
          </td>
          <td>
            10h
          </td>
        </tr>
        <tr>
          <td>
            Saint Félix de Tournegat
          </td>
          <td>
            11h
          </td>
        </tr>
        <tr>
          <td>
            Saint Amadou
          </td>
          <td>
            12h
          </td>
        </tr>
        <tr>
          <td>
            Ludiès
          </td>
          <td>
            13h
          </td>
        </tr>
        <tr>
          <td>
            Le Carlaret (La Bardaille)
          </td>
          <td>
            14h
          </td>
        </tr>
        <tr>
          <td>
            Tremoulet
          </td>
          <td>
            15h
          </td>
        </tr>
        <tr>
          <td>
            Gaudiès
          </td>
          <td>
            16h
          </td>
        </tr>
      </tbody>
    </table>
  </div>
  <div
    className="MuiGrid-container-5 MuiGrid-item-6 MuiGrid-justify-xs-center-22 MuiGrid-grid-xs-12-45 MuiGrid-grid-sm-6-53 MuiGrid-grid-md-3-64"
  >
    <table
      className="HorairesPassage-table-1"
    >
      <thead>
        <tr>
          <th
            className="HorairesPassage-header-3"
            colSpan="2"
          >
            Jeudi
          </th>
        </tr>
      </thead>
      <tbody
        className="HorairesPassage-tableBody-2"
      >
        <tr>
          <td />
          <td />
        </tr>
        <tr>
          <td>
            Payra sur l'Hers
          </td>
          <td>
            9h
          </td>
        </tr>
        <tr>
          <td>
            Montauriol
          </td>
          <td>
            10h
          </td>
        </tr>
        <tr>
          <td>
            Cumiès
          </td>
          <td>
            11h
          </td>
        </tr>
        <tr>
          <td>
            Molleville
          </td>
          <td>
            12h
          </td>
        </tr>
        <tr>
          <td>
            Baraigne
          </td>
          <td>
            13h
          </td>
        </tr>
        <tr>
          <td>
            Gourvieille
          </td>
          <td>
            14h
          </td>
        </tr>
        <tr>
          <td>
            Belflou
          </td>
          <td>
            15h
          </td>
        </tr>
        <tr>
          <td>
            Marquein
          </td>
          <td>
            16h
          </td>
        </tr>
        <tr>
          <td>
            Fajac la Relenque
          </td>
          <td>
            17h
          </td>
        </tr>
        <tr>
          <td>
            Mézerville
          </td>
          <td>
             - 
          </td>
        </tr>
        <tr>
          <td>
            La Louvière Lauragais
          </td>
          <td>
             - 
          </td>
        </tr>
        <tr>
          <td>
            Molandier
          </td>
          <td>
            18h
          </td>
        </tr>
      </tbody>
    </table>
  </div>
  <div
    className="MuiGrid-container-5 MuiGrid-item-6 MuiGrid-justify-xs-center-22 MuiGrid-grid-xs-12-45 MuiGrid-grid-sm-6-53 MuiGrid-grid-md-3-64"
  >
    <table
      className="HorairesPassage-table-1"
    >
      <thead>
        <tr>
          <th
            className="HorairesPassage-header-3"
            colSpan="2"
          >
            Vendredi
          </th>
        </tr>
      </thead>
      <tbody
        className="HorairesPassage-tableBody-2"
      >
        <tr>
          <td />
          <td />
        </tr>
        <tr>
          <td>
            Saint Sernin
          </td>
          <td>
            9h
          </td>
        </tr>
        <tr>
          <td>
            Pech Luna
          </td>
          <td>
            10h
          </td>
        </tr>
        <tr>
          <td>
            Cahuzac
          </td>
          <td>
            11h
          </td>
        </tr>
        <tr>
          <td>
            Pécharic et le Py
          </td>
          <td>
            12h
          </td>
        </tr>
        <tr>
          <td>
            Plaigne
          </td>
          <td>
            13h
          </td>
        </tr>
        <tr>
          <td>
            Villautou
          </td>
          <td>
            14h
          </td>
        </tr>
        <tr>
          <td>
            Lafage
          </td>
          <td>
            15h
          </td>
        </tr>
        <tr>
          <td>
            Ribouisse
          </td>
          <td>
            16h
          </td>
        </tr>
        <tr>
          <td>
            Gaja la Selve
          </td>
          <td>
            17h
          </td>
        </tr>
      </tbody>
    </table>
  </div>
</div>
`;
