// Jest Snapshot v1, https://goo.gl/fbAQLP

exports[`Renders the presentation sectio 1`] = `
<div
  className="MuiGrid-container-4 MuiGrid-justify-xs-center-21 Presentation-container-1"
>
  <div
    className="MuiGrid-item-5 MuiGrid-grid-xs-12-44 Presentation-title-2"
  >
    <h2>
      Mais qui est Benjamin ?
    </h2>
  </div>
  <div
    className="MuiGrid-container-4 MuiGrid-item-5 MuiGrid-justify-xs-space-evenly-25 MuiGrid-grid-xs-10-42"
  >
    <div
      className="MuiGrid-item-5 MuiGrid-grid-xs-12-44 MuiGrid-grid-md-5-65 Presentation-paragraph-3"
    >
      <p>
        A la croisée de l’Aude et l’Ariège, sur les collines lauragaises, entre la Piège et le Razès, vous apercevrez désormais, ou entendrez peut-être, une camionnette verte sillonner les routes de campagne, de villages en villages, donnant du klaxon, comme dans le temps, pour annoncer son arrivée.
      </p>
      <p>
        Cette arrivée dans nos contrées, c’est celle du Grenier de Benjamin, petite épicerie itinérante, qui arpente les bourgs et les hameaux les plus isolés, à la rencontre des locaux - hommes et femmes de la campagne, aînés ruraux, jeunes couples s’installant au vert pour une vie plus saine – afin d’offrir un service de proximité, de créer un moment convivial, bref, d’insuffler, avec ses bons produits, sa gouaille et son envie, un peu de vie dans nos bourgs parfois un peu gris.
      </p>
      <p>
        L’ambition de Benjamin, épicier charmant, est doublement simple.
      </p>
      <p>
        D’une part, il s’agit de répondre aux besoins les plus primaires du quotidien, pour qui ne peut pas, ou ne peut plus, se déplacer facilement : qui d’avoir besoin de produits de première nécessité, qui de vouloir une petite tranche de fromage fermier, etc.
      </p>
    </div>
    <div
      className="MuiGrid-item-5 MuiGrid-grid-xs-12-44 MuiGrid-grid-md-5-65 Presentation-paragraph-3"
    >
      <p>
        De l’autre, Benjamin apporte ses produits de qualité, issus pour la plupart de notre terroir, en circuit court (productions locales et régionales), afin de permettre à tous ceux soucieux d’un mode de vie plus responsable d’en bénéficier ; l’utile rejoint l’agréable alors que le pratique se fait allié de l’économie.
      </p>
      <p>
        Au cœur des villages, ainsi qu’à domicile, le Grenier de Benjamin propose donc chaque semaine une sélection de produits frais, locaux, issus de l’agriculture du pays, du terroir.
      </p>
      <p>
        Tel un lien qui unit le consommateur final au producteur qui travaille le sol voisin, le Grenier de Benjamin est un partenariat de confiance où tous – agriculteurs, éleveurs, consommateurs –, s’y retrouvent, suivant la temporalité et la saisonnalité des productions locales, au rythme des soubresauts de cette camionnette qui, par monts et vallées, amène un peu de vie, cachés derrière de bons produits, sur les places de villages, alors endormis.
      </p>
    </div>
  </div>
</div>
`;
