// Jest Snapshot v1, https://goo.gl/fbAQLP

exports[`Renders the welcome page 1`] = `
<div
  className="MuiPaper-root-6 MuiPaper-elevation1-9 MuiCard-root-5 MediaCard-card-1"
  style={
    Object {
      "backgroundColor": "#0b4553",
    }
  }
>
  <div
    className="MuiCardMedia-root-33 MediaCard-media-2"
    style={
      Object {
        "backgroundImage": "url(\\"images/tri-choux.jpg\\")",
      }
    }
  />
  <div
    className="MuiCardContent-root-35"
  >
    <h2
      className="MediaCard-title-3"
      style={
        Object {
          "color": "#e3c04c",
        }
      }
    >
      Des produits frais et locaux de qualité
    </h2>
    <p
      className="MediaCard-content-4"
    >
      Une sélection de produits frais et locaux, issus des circuits courts et qui respectent la saisonnalité des productions locales
    </p>
  </div>
</div>
`;
